The file overwriting process will remove <> from the file without trash at the end of the file.